
> fuelsync-backend@2.0.0 test
> jest --testPathPattern=admin-journey --testNamePattern=Login with valid

npm : Debugger listening on ws://127.0.0.1:57348/d520122c-a5ee-4f2e-a3e0-e96a3208ab6a
At line:1 char:1
+ npm test -- --testPathPattern=admin-journey --testNamePattern="Login  ...
+ ~~~~~~~~~~~~~~~~~~~~~~~~~~~~~~~~~~~~~~~~~~~~~~~~~~~~~~~~~~~~~~~~~~~~~
    + CategoryInfo          : NotSpecified: (Debugger listen...e0-e96a3208ab6a:String) [], RemoteException
    + FullyQualifiedErrorId : NativeCommandError
 
For help, see: https://nodejs.org/en/docs/inspector
Debugger attached.
  console.log
    ­ƒôü Using SQLite: C:\Users\sbeesu\Documents\own\fuelsync-new\backend\data\fuelsync.db

      at Object.log (src/models/index.js:40:11)

  console.log
    Ô£à Admin user created: {
      id: '12aced0a-d9bd-4869-932d-66ad64c125a1',
      email: 'admin@test.com',
      role: 'super_admin',
      isActive: true
    }

      at Object.log (tests/integration/admin-journey.test.js:46:13)

  console.log
    ­ƒöì User check before login: {
      id: '12aced0a-d9bd-4869-932d-66ad64c125a1',
      email: 'admin@test.com',
      isActive: true
    }

      at Object.log (tests/integration/admin-journey.test.js:77:15)

  console.log
    ­ƒô¿ Login response: {
      status: 401,
      body: { success: false, error: 'Invalid email or password' }
    }

      at Object.log (tests/integration/admin-journey.test.js:86:15)

  console.log
    
    ================================================================================

      at Object.log (tests/integration/admin-journey.test.js:51:13)

  console.log
    SUPER ADMIN JOURNEY TEST REPORT

      at Object.log (tests/integration/admin-journey.test.js:52:13)

  console.log
    ================================================================================

      at Object.log (tests/integration/admin-journey.test.js:53:13)

  console.log
    Total Tests: 1

      at Object.log (tests/integration/admin-journey.test.js:54:13)

  console.log
    Passed: 0

      at Object.log (tests/integration/admin-journey.test.js:55:13)

  console.log
    Failed: 0

      at Object.log (tests/integration/admin-journey.test.js:56:13)

  console.log
    Success Rate: 0.00%

      at Object.log (tests/integration/admin-journey.test.js:57:13)

  console.log
    
    APIs Tested:

      at Object.log (tests/integration/admin-journey.test.js:58:13)

  console.log
      Ô£ô POST /api/auth/login

      at log (tests/integration/admin-journey.test.js:59:44)
          at Set.forEach (<anonymous>)

  console.log
    
    Edge Cases Covered:

      at Object.log (tests/integration/admin-journey.test.js:60:13)

  console.log
    
    Test Coverage:

      at Object.log (tests/integration/admin-journey.test.js:62:13)

  console.log
      ÔÇó Admin login with valid credentials

      at log (tests/integration/admin-journey.test.js:63:49)
          at Array.forEach (<anonymous>)

  console.log
    ================================================================================

      at Object.log (tests/integration/admin-journey.test.js:64:13)

FAIL tests/integration/admin-journey.test.js
  Super Admin Journey
    1. Authentication
      ├ù Login with valid credentials (338 ms)
      Ôùï skipped Login with invalid credentials - Edge Case
      Ôùï skipped Login with non-existent user - Edge Case
      Ôùï skipped Access protected route without token - Edge Case
    2. Plan Management
      Ôùï skipped Create a new plan
      Ôùï skipped Get all plans
      Ôùï skipped Get single plan by ID
      Ôùï skipped Update plan
      Ôùï skipped Create plan with duplicate name - Edge Case
      Ôùï skipped Create plan with invalid data - Edge Case
      Ôùï skipped Update non-existent plan - Edge Case
    3. Owner Management
      Ôùï skipped Create owner with plan assignment
      Ôùï skipped Get all users
      Ôùï skipped Filter users by role
      Ôùï skipped Update owner plan
      Ôùï skipped Deactivate owner
      Ôùï skipped Reactivate owner
      Ôùï skipped Create owner with duplicate email - Edge Case
      Ôùï skipped Create owner with invalid email - Edge Case
      Ôùï skipped Assign non-existent plan to owner - Edge Case
    4. System Overview & Analytics
      Ôùï skipped Get dashboard statistics
      Ôùï skipped Get audit logs
    5. Plan Deletion (Cascade)
      Ôùï skipped Delete plan - Edge Case
      Ôùï skipped Verify plan deletion
    6. Authorization & Security
      Ôùï skipped Non-admin cannot create plans - Edge Case
      Ôùï skipped Invalid token - Edge Case
      Ôùï skipped Expired token - Edge Case

  ÔùÅ Super Admin Journey ÔÇ║ 1. Authentication ÔÇ║ Login with valid credentials

    expect(received).toBe(expected) // Object.is equality

    Expected: 200
    Received: 401

    [0m [90m 86 |[39m       console[33m.[39mlog([32m'­ƒô¿ Login response:'[39m[33m,[39m {status[33m:[39m response[33m.[39mstatus[33m,[39m body[33m:[39m response[33m.[39mbody})[33m;[39m
     [90m 87 |[39m       
    [31m[1m>[22m[39m[90m 88 |[39m       expect(response[33m.[39mstatus)[33m.[39mtoBe([35m200[39m)[33m;[39m
     [90m    |[39m                               [31m[1m^[22m[39m
     [90m 89 |[39m       expect(response[33m.[39mbody[33m.[39msuccess)[33m.[39mtoBe([36mtrue[39m)[33m;[39m
     [90m 90 |[39m       expect(response[33m.[39mbody[33m.[39mdata)[33m.[39mtoHaveProperty([32m'token'[39m)[33m;[39m
     [90m 91 |[39m       expect(response[33m.[39mbody[33m.[39mdata[33m.[39muser[33m.[39mrole)[33m.[39mtoBe([32m'super_admin'[39m)[33m;[39m[0m

      at Object.toBe (tests/integration/admin-journey.test.js:88:31)

Test Suites: 1 failed, 1 total
Tests:       1 failed, 26 skipped, 27 total
Snapshots:   0 total
Time:        3.466 s, estimated 4 s
Ran all test suites matching /admin-journey/i with tests matching "Login with valid".
Force exiting Jest: Have you considered using `--detectOpenHandles` to detect async operations that kept running after all tests finished?
Waiting for the debugger to disconnect...
